Test,Immediate,Instruction,ImmSel
00000000,11111111111111111111111111111000,00000001100000000001000000010011,000
00000001,00000000000000000000000000000100,00000000010000000101000000010011,000
00000010,11111111111111111111111111111111,01000001111100000101000000010011,000
00000011,00000000000000000000000000000000,00000000000000000000000000000000,000
